Frame -> c:
    canvas cCanvas -> a
IMAGES -> b:
    int loaded -> a
    int nImages -> b
    java.awt.Image imgMenu -> c
    java.awt.Image imgSnuevo -> d
    java.awt.Image imgScontinuar -> e
    java.awt.Image imgSayuda -> f
    java.awt.Image imgSAcercaDe -> g
    java.awt.Image imgSsalir -> h
    java.awt.Image imgNuevo -> i
    java.awt.Image imgContinuar -> j
    java.awt.Image imgAyuda -> k
    java.awt.Image imgAcercaDe -> l
    java.awt.Image imgSalir -> m
    java.awt.Image imgAbout -> n
    java.awt.Image imgRegresar -> o
    java.awt.Image imgTAyuda -> p
    java.awt.Image imgAyudaTitle -> q
    java.awt.Image imgMultFacil -> r
    java.awt.Image imgMenuTitle -> s
    java.awt.Image imgAcercaDeTitle -> t
    java.awt.Image num0 -> u
    java.awt.Image num1 -> v
    java.awt.Image num2 -> w
    java.awt.Image num3 -> x
    java.awt.Image num4 -> y
    java.awt.Image num5 -> z
    java.awt.Image num6 -> A
    java.awt.Image num7 -> B
    java.awt.Image num8 -> C
    java.awt.Image num9 -> D
    java.awt.Image op_por -> E
    java.awt.Image VLine -> F
    java.awt.Image HLine -> G
    java.awt.Image vacio -> H
    java.io.InputStream is -> I
    java.io.BufferedInputStream bis -> J
    byte[] inBuffer -> K
    void load() -> a
Main -> Main:
    void main(java.lang.String[]) -> main
canvas -> a:
    java.awt.Image bBuffer -> a
    java.awt.Image bHoja -> b
    java.awt.Graphics gBuffer -> c
    int _state -> d
    int _in_class_state -> e
    int _width -> f
    int _height -> g
    int selectedItem -> h
    java.lang.StringBuffer number1 -> i
    java.lang.StringBuffer number2 -> j
    int _y -> k
    int _x -> l
    long timerOld -> m
    boolean showRect -> n
    int OX -> o
    int OY -> p
    int x_ -> q
    int y_ -> r
    boolean moveToVertical -> s
    int _active -> t
    boolean _multiplicar -> u
    boolean firstTime -> v
    int[][] _multiplicados -> w
    double[] _suma -> x
    int timesX -> y
    int timesY -> z
    int showTimeDelay -> A
    int times -> B
    boolean showDelay -> C
    int _steps -> D
    boolean showEfect -> E
    int efectX -> F
    int efectX2 -> G
    int orgX -> H
    int mostrados -> I
    IMAGES IMG -> J
    int steP -> K
    java.lang.String casiTotal -> L
    int actualY -> M
    int actualX -> N
    int actualYstep -> O
    int actualXstep -> P
    double lastTime -> Q
    double delay -> R
    java.lang.String resultado -> S
    int pasoResultado -> T
    java.awt.Image imgFourthStep -> U
    long lastShowedTime -> V
    boolean showMessage -> W
    boolean initialized -> X
    java.awt.Image imgMenu -> Y
    int menuSubState -> Z
    void run() -> run
    void changeState(int) -> a
    void addNumber(int) -> b
    java.awt.Image getImgNum(char) -> a
    void drawString(java.lang.StringBuffer,java.awt.Graphics) -> a
    void drawRect(int,int,int,int,java.awt.Graphics) -> a
    void updateSecond(java.awt.Graphics) -> a
    void updateThird(java.awt.Graphics) -> b
    void updateFourth(java.awt.Graphics) -> c
    void paintHoja() -> a
    void update(java.awt.Graphics) -> update
    void paint(java.awt.Graphics) -> paint
    void keyPressed(java.awt.event.KeyEvent) -> keyPressed
    void keyReleased(java.awt.event.KeyEvent) -> keyReleased
    void keyTyped(java.awt.event.KeyEvent) -> keyTyped
